commit d8fb7ee877eaafafc715e79630b45140072dbb33
Author: sebassabes <sebastian.andres.aracena@gmail.com>
Date:   Tue Nov 3 10:29:42 2020 -0300

    initial commit
